<html>
<body>
<pre>
<h1>µVision Build Log</h1>
<h2>Project:</h2>
D:\OneDrive\Fall 2021\ECE4501\Projects\Mini-Project-0\Project0.uvproj
Project File Date:  09/01/2021

<h2>Output:</h2>
Build target 'Target 1'
linking...
Program Size: Code=1204 RO-data=32 RW-data=4 ZI-data=1028  
".\Project0.axf" - 0 Error(s), 0 Warning(s).
Load "D:\\OneDrive\\Fall 2021\\ECE4501\\Projects\\Mini-Project-0\\Project0.axf" 
Connecting: Mode=JTAG, Speed=1000000Hz
Erase Done.
Programming Done.
Verify OK.
</pre>
</body>
</html>
tartup_tm4c123.o and startup.o).
.\Project0.axf: Error: L6200E: Symbol __Vectors multiply defined (by startup_tm4c123.o and startup.o).
.\Project0.axf: Error: L6200E: Symbol __initial_sp multiply defined (by startup_tm4c123.o and startup.o).
.\Project0.axf: Error: L6200E: Symbol NMI_Handler multiply defined (by startup_tm4c123.o and startup.o).
.\Project0.axf: Error: L6200E: Symbol HardFault_Handler multiply defined (by startup_tm4c123.o and startup.o).
.\Project0.axf: Error: L6200E: Symbol MemManage_Handler multiply defined (by startup_tm4c123.o and startup.o).
.\Project0.axf: Error: L6200E: Symbol BusFault_Handler multiply defined (by startup_tm4c123.o and startup.o).
.\Project0.axf: Error: L6200E: Symbol UsageFault_Handler multiply defined (by startup_tm4c123.o and startup.o).
.\Project0.axf: Error: L6200E: Symbol SVC_Handler multiply defined (by startup_tm4c123.o and startup.o).
.\Project0.axf: Error: L6200E: Symbol DebugMon_Handler multiply defined (by startup_tm4c123.o and startup.o).
.\Project0.axf: Error: L6200E: Symbol PendSV_Handler multiply defined (by startup_tm4c123.o and startup.o).
.\Project0.axf: Error: L6200E: Symbol SysTick_Handler multiply defined (by startup_tm4c123.o and startup.o).
.\Project0.axf: Error: L6200E: Symbol CAN0_Handler multiply defined (by startup_tm4c123.o and startup.o).
.\Project0.axf: Error: L6200E: Symbol CAN1_Handler multiply defined (by startup_tm4c123.o and startup.o).
.\Project0.axf: Error: L6200E: Symbol CAN2_Handler multiply defined (by startup_tm4c123.o and startup.o).
.\Project0.axf: Error: L6200E: Symbol FPU_Handler multiply defined (by startup_tm4c123.o and startup.o).
.\Project0.axf: Error: L6200E: Symbol I2C0_Handler multiply defined (by startup_tm4c123.o and startup.o).
.\Project0.axf: Error: L6200E: Symbol I2C1_Handler multiply defined (by startup_tm4c123.o and startup.o).
.\Project0.axf: Error: L6200E: Symbol I2C2_Handler multiply defined (by startup_tm4c123.o and startup.o).
.\Project0.axf: Error: L6200E: Symbol I2C3_Handler multiply defined (by startup_tm4c123.o and startup.o).
.\Project0.axf: Error: L6200E: Symbol I2C4_Handler multiply defined (by startup_tm4c123.o and startup.o).
.\Project0.axf: Error: L6200E: Symbol I2C5_Handler multiply defined (by startup_tm4c123.o and startup.o).
.\Project0.axf: Error: L6200E: Symbol SSI0_Handler multiply defined (by startup_tm4c123.o and startup.o).
.\Project0.axf: Error: L6200E: Symbol SSI1_Handler multiply defined (by startup_tm4c123.o and startup.o).
.\Project0.axf: Error: L6200E: Symbol SSI2_Handler multiply defined (by startup_tm4c123.o and startup.o).
.\Project0.axf: Error: L6200E: Symbol SSI3_Handler multiply defined (by startup_tm4c123.o and startup.o).
.\Project0.axf: Error: L6200E: Symbol UART0_Handler multiply defined (by startup_tm4c123.o and startup.o).
.\Project0.axf: Error: L6200E: Symbol UART1_Handler multiply defined (by startup_tm4c123.o and startup.o).
.\Project0.axf: Error: L6200E: Symbol UART2_Handler multiply defined (by startup_tm4c123.o and startup.o).
.\Project0.axf: Error: L6200E: Symbol UART3_Handler multiply defined (by startup_tm4c123.o and startup.o).
.\Project0.axf: Error: L6200E: Symbol UART4_Handler multiply defined (by startup_tm4c123.o and startup.o).
.\Project0.axf: Error: L6200E: Symbol UART5_Handler multiply defined (by startup_tm4c123.o and startup.o).
.\Project0.axf: Error: L6200E: Symbol UART6_Handler multiply defined (by startup_tm4c123.o and startup.o).
.\Project0.axf: Error: L6200E: Symbol UART7_Handler multiply defined (by startup_tm4c123.o and startup.o).
.\Project0.axf: Error: L6200E: Symbol USB0_Handler multiply defined (by startup_tm4c123.o and startup.o).
Not enough information to list image symbols.
Not enough information to list the image map.
Finished: 2 information, 0 warning and 36 error messages.
".\Project0.axf" - 36 Error(s), 0 Warning(s).
Target not created
